// Jest Snapshot v1, https://goo.gl/fbAQLP

exports[`Expect to render CartItem component 1`] = `ShallowWrapper {}`;
